\BOOKMARK [0][-]{chapter*.2}{\376\377\000P\000r\000e\000f\000a\000c\000e\000:\000\040\000W\000h\000a\000t\000\040\000V\000o\000l\000u\000m\000e\000\040\0001\0003\000\040\000F\000i\000x\000e\000s\000\040\000B\000e\000f\000o\000r\000e\000\040\000I\000t\000\040\000B\000u\000i\000l\000d\000s}{}% 1
\BOOKMARK [0][-]{chapter.1}{\376\377\000T\000h\000e\000\040\000R\000e\000s\000o\000l\000u\000t\000i\000o\000n\000\040\000C\000r\000i\000t\000e\000r\000i\000o\000n\000\040\000a\000s\000\040\000a\000\040\000L\000a\000w\000\040\000o\000f\000\040\000t\000h\000e\000\040\000S\000u\000r\000v\000e\000y}{}% 2
\BOOKMARK [1][-]{section.1.1}{\376\377\000R\000e\000s\000t\000a\000t\000i\000n\000g\000\040\000t\000h\000e\000\040\000C\000r\000i\000t\000e\000r\000i\000o\000n}{chapter.1}% 3
\BOOKMARK [1][-]{section.1.2}{\376\377\000T\000h\000e\000\040\000C\000e\000n\000s\000u\000s}{chapter.1}% 4
\BOOKMARK [1][-]{section.1.3}{\376\377\000E\000f\000f\000e\000c\000t\000i\000v\000e\000\040\000S\000p\000a\000n\000,\000\040\000a\000n\000d\000\040\000W\000h\000y\000\040\000M\000i\000n\040\023\000M\000a\000x\000\040\000I\000n\000f\000l\000a\000t\000e\000s}{chapter.1}% 5
\BOOKMARK [1][-]{section.1.4}{\376\377\000T\000h\000e\000\040\000N\000e\000a\000r\000-\000N\000o\000d\000e\000\040\000F\000a\000l\000l\000a\000c\000y}{chapter.1}% 6
\BOOKMARK [1][-]{section.1.5}{\376\377\000R\000e\000g\000i\000s\000t\000e\000r\000\040\000M\000o\000v\000e\000m\000e\000n\000t\000\040\000U\000n\000d\000e\000r\000\040\000t\000h\000e\000\040\000C\000o\000r\000r\000e\000c\000t\000e\000d\000\040\000S\000t\000a\000t\000i\000s\000t\000i\000c}{chapter.1}% 7
\BOOKMARK [0][-]{chapter.2}{\376\377\000T\000h\000e\000\040\000A\000p\000e\000r\000t\000u\000r\000e\000,\000\040\000F\000o\000r\000m\000a\000l\000i\000s\000e\000d}{}% 8
\BOOKMARK [1][-]{section.2.1}{\376\377\000T\000w\000o\000\040\000K\000n\000o\000b\000s\000,\000\040\000R\000e\000s\000t\000a\000t\000e\000d\000\040\000a\000s\000\040\000I\000n\000s\000t\000r\000u\000m\000e\000n\000t\000\040\000P\000a\000r\000a\000m\000e\000t\000e\000r\000s}{chapter.2}% 9
\BOOKMARK [0][-]{chapter.3}{\376\377\000T\000h\000e\000\040\000H\000u\000n\000t\000\040\000f\000o\000r\000\040\000f\000:\000\040\000a\000n\000\040\000A\000u\000d\000i\000t\000\040\000o\000f\000\040\000t\000h\000e\000\040\000T\000h\000e\000o\000r\000y}{}% 10
\BOOKMARK [1][-]{section.3.1}{\376\377\000W\000h\000y\000\040\000t\000h\000e\000\040\000E\000m\000p\000i\000r\000i\000c\000a\000l\000\040\000A\000u\000d\000i\000t\000\040\000R\000e\000a\000c\000h\000e\000d\000\040\000I\000n\000t\000o\000\040\000t\000h\000e\000\040\000T\000h\000e\000o\000r\000y}{chapter.3}% 11
\BOOKMARK [1][-]{section.3.2}{\376\377\000T\000h\000e\000\040\000L\000a\000t\000t\000i\000c\000e\000\040\000E\000n\000e\000r\000g\000y\000\040\000E\000x\000p\000r\000e\000s\000s\000i\000o\000n\000\040\000a\000n\000d\000\040\000t\000h\000e\000\040\000U\000n\000d\000e\000f\000i\000n\000e\000d\000\040\000P\000a\000r\000a\000m\000e\000t\000e\000r}{chapter.3}% 12
\BOOKMARK [0][-]{chapter.4}{\376\377\000D\000e\000r\000i\000v\000i\000n\000g\000\040\000f\000:\000\040\000F\000r\000o\000m\000\040\000N\000a\000m\000e\000d\000\040\000P\000a\000r\000a\000m\000e\000t\000e\000r\000\040\000t\000o\000\040\000F\000o\000u\000r\000-\000D\000i\000m\000e\000n\000s\000i\000o\000n\000a\000l\000\040\000P\000o\000t\000e\000n\000t\000i\000a\000l}{}% 13
\BOOKMARK [1][-]{section.4.1}{\376\377\000T\000h\000e\000\040\000P\000a\000r\000a\000m\000e\000t\000e\000r\000\040\000T\000h\000a\000t\000\040\000W\000a\000s\000\040\000N\000e\000v\000e\000r\000\040\000D\000e\000f\000i\000n\000e\000d}{chapter.4}% 14
\BOOKMARK [1][-]{section.4.2}{\376\377\000T\000h\000e\000\040\000O\000n\000e\000\040\000P\000o\000s\000t\000u\000l\000a\000t\000e\000\040\000T\000h\000a\000t\000\040\000F\000i\000x\000e\000s\000\040\000I\000t}{chapter.4}% 15
\BOOKMARK [2][-]{subsection.4.2.1}{\376\377\000G\000a\000u\000s\000s\000'\000s\000\040\000l\000a\000w\000\040\000i\000n\000\040\000f\000o\000u\000r\000\040\000s\000p\000a\000t\000i\000a\000l\000\040\000d\000i\000m\000e\000n\000s\000i\000o\000n\000s}{section.4.2}% 16
\BOOKMARK [2][-]{subsection.4.2.2}{\376\377\000T\000h\000e\000\040\000c\000o\000u\000p\000l\000i\000n\000g}{section.4.2}% 17
\BOOKMARK [1][-]{section.4.3}{\376\377\000W\000h\000a\000t\000\040\000t\000h\000e\000\040\000D\000e\000r\000i\000v\000a\000t\000i\000o\000n\000\040\000C\000o\000s\000t\000s}{chapter.4}% 18
\BOOKMARK [1][-]{section.4.4}{\376\377\000c\000e\000l\000l\000\040\000I\000s\000\040\000a\000\040\000P\000o\000s\000t\000u\000l\000a\000t\000e\000,\000\040\000N\000o\000t\000\040\000a\000\040\000R\000e\000s\000u\000l\000t}{chapter.4}% 19
\BOOKMARK [1][-]{section.4.5}{\376\377\000T\000h\000e\000\040\000F\000o\000u\000r\000\040\000E\000r\000r\000a\000t\000a\000\040\000t\000h\000e\000\040\000D\000e\000r\000i\000v\000a\000t\000i\000o\000n\000\040\000P\000r\000o\000d\000u\000c\000e\000d}{chapter.4}% 20
\BOOKMARK [1][-]{section.4.6}{\376\377\000W\000h\000a\000t\000\040\000T\000h\000i\000s\000\040\000C\000h\000a\000p\000t\000e\000r\000\040\000S\000e\000t\000t\000l\000e\000s\000,\000\040\000a\000n\000d\000\040\000W\000h\000a\000t\000\040\000I\000t\000\040\000D\000o\000e\000s\000\040\000N\000o\000t}{chapter.4}% 21
\BOOKMARK [0][-]{chapter.5}{\376\377\000T\000h\000e\000\040\000S\000t\000r\000a\000i\000n\000\040\000F\000o\000r\000m\000u\000l\000a\000t\000i\000o\000n\000\040\000o\000f\000\040\000t\000h\000e\000\040\000K\000i\000s\000h\000\040\000L\000a\000t\000t\000i\000c\000e}{}% 22
\BOOKMARK [1][-]{section.5.1}{\376\377\000R\000e\000i\000n\000t\000e\000r\000p\000r\000e\000t\000i\000n\000g\000\040\000R\000o\000u\000t\000e\000\040\0002\000:\000\040\000D\000i\000s\000p\000l\000a\000c\000e\000m\000e\000n\000t\000\040\000a\000s\000\040\000L\000o\000c\000a\000l\000\040\000S\000t\000r\000a\000i\000n}{chapter.5}% 23
\BOOKMARK [1][-]{section.5.2}{\376\377\000R\000e\000i\000n\000t\000e\000r\000p\000r\000e\000t\000i\000n\000g\000\040\000R\000o\000u\000t\000e\000\040\0001\000:\000\040\000T\000h\000e\000\040\000M\000o\000d\000e\000\040\000H\000i\000e\000r\000a\000r\000c\000h\000y\000\040\000N\000u\000m\000b\000e\000r\000\040\000\050\000Q\000\051}{chapter.5}% 24
\BOOKMARK [1][-]{section.5.3}{\376\377\000T\000h\000e\000\040\000R\000e\000s\000o\000l\000v\000e\000d\000\040\000C\000o\000n\000s\000t\000r\000a\000i\000n\000t\000s\000\040\000T\000a\000b\000l\000e}{chapter.5}% 25
\BOOKMARK [0][-]{chapter.6}{\376\377\000E\000m\000p\000i\000r\000i\000c\000a\000l\000\040\000V\000a\000l\000i\000d\000a\000t\000i\000o\000n\000\040\000a\000n\000d\000\040\000t\000h\000e\000\040\000W\000e\000a\000k\000-\000F\000i\000e\000l\000d\000\040\000L\000i\000m\000i\000t}{}% 26
\BOOKMARK [1][-]{section.6.1}{\376\377\000T\000e\000x\000t\000b\000o\000o\000k\000\040\000C\000h\000e\000c\000k\000s\000\040\000i\000n\000\040\000t\000h\000e\000\040\000S\000o\000l\000a\000r\000\040\000S\000y\000s\000t\000e\000m\000\040\000R\000e\000g\000i\000m\000e}{chapter.6}% 27
\BOOKMARK [1][-]{section.6.2}{\376\377\000P\000P\000N\000\040\000A\000b\000s\000o\000r\000p\000t\000i\000o\000n\000\040\000a\000n\000d\000\040\000D\000e\000f\000i\000n\000i\000t\000i\000o\000n\000a\000l\000\040\000R\000e\000c\000o\000v\000e\000r\000y}{chapter.6}% 28
\BOOKMARK [1][-]{section.6.3}{\376\377\000S\000u\000p\000e\000r\000p\000o\000s\000i\000t\000i\000o\000n\000\040\000a\000n\000d\000\040\000t\000h\000e\000\040\000T\000e\000n\000s\000o\000r\000\040\000R\000e\000q\000u\000i\000r\000e\000m\000e\000n\000t}{chapter.6}% 29
\BOOKMARK [0][-]{chapter.7}{\376\377\000S\000t\000r\000o\000n\000g\000-\000F\000i\000e\000l\000d\000\040\000F\000a\000l\000s\000i\000f\000i\000c\000a\000t\000i\000o\000n\000\040\000a\000n\000d\000\040\000t\000h\000e\000\040\000Y\000i\000e\000l\000d\000\040\000P\000o\000i\000n\000t}{}% 30
\BOOKMARK [1][-]{section.7.1}{\376\377\000T\000h\000e\000\040\000E\000l\000a\000s\000t\000i\000c\000\040\000Y\000i\000e\000l\000d\000\040\000P\000o\000i\000n\000t\000\040\000\050\000y\000\051}{chapter.7}% 31
\BOOKMARK [1][-]{section.7.2}{\376\377\000Y\000i\000e\000l\000d\000\040\000S\000c\000e\000n\000a\000r\000i\000o\000s\000\040\000a\000n\000d\000\040\000t\000h\000e\000\040\000L\000I\000G\000O\000\040\000/\000\040\000E\000H\000T\000\040\000R\000i\000n\000g\000d\000o\000w\000n\000\040\000R\000e\000g\000i\000m\000e}{chapter.7}% 32
\BOOKMARK [1][-]{section.7.3}{\376\377\000T\000h\000e\000\040\000B\000i\000n\000a\000r\000y\000\040\000P\000u\000l\000s\000a\000r\000\040\000F\000a\000l\000s\000i\000f\000i\000c\000a\000t\000i\000o\000n\000\040\000\050\000P\000S\000R\000\040\000J\0000\0007\0003\0007\042\022\0003\0000\0003\0009\000\051}{chapter.7}% 33
\BOOKMARK [1][-]{section.7.4}{\376\377\000M\000a\000n\000d\000a\000t\000o\000r\000y\000\040\000P\000r\000e\000-\000R\000e\000g\000i\000s\000t\000r\000a\000t\000i\000o\000n}{chapter.7}% 34
\BOOKMARK [0][-]{chapter.8}{\376\377\000M\000u\000l\000t\000i\000-\000S\000c\000a\000l\000e\000\040\000S\000t\000r\000a\000i\000n\000\040\000S\000u\000r\000v\000e\000y}{}% 35
\BOOKMARK [1][-]{section.8.1}{\376\377\000T\000h\000e\000\040\000O\000b\000j\000e\000c\000t\000i\000v\000e\000\040\000a\000n\000d\000\040\000M\000e\000t\000h\000o\000d\000o\000l\000o\000g\000y}{chapter.8}% 36
\BOOKMARK [1][-]{section.8.2}{\376\377\000Q\000u\000a\000n\000t\000u\000m\000,\000\040\000A\000t\000o\000m\000i\000c\000,\000\040\000a\000n\000d\000\040\000M\000e\000s\000o\000\040\000S\000c\000a\000l\000e\000s}{chapter.8}% 37
\BOOKMARK [1][-]{section.8.3}{\376\377\000P\000l\000a\000n\000e\000t\000a\000r\000y\000\040\000a\000n\000d\000\040\000S\000t\000e\000l\000l\000a\000r\000\040\000S\000c\000a\000l\000e\000s\000\040\000\050\000T\000h\000e\000\040\000L\000i\000n\000e\000a\000r\000\040\000R\000e\000g\000i\000m\000e\000\051}{chapter.8}% 38
\BOOKMARK [1][-]{section.8.4}{\376\377\000G\000a\000l\000a\000c\000t\000i\000c\000,\000\040\000C\000o\000s\000m\000o\000l\000o\000g\000i\000c\000a\000l\000,\000\040\000a\000n\000d\000\040\000S\000t\000r\000o\000n\000g\000-\000F\000i\000e\000l\000d\000\040\000R\000e\000g\000i\000m\000e\000s\000\040\000\050\000T\000h\000e\000\040\000Y\000i\000e\000l\000d\000\040\000B\000o\000u\000n\000d\000a\000r\000y\000\051}{chapter.8}% 39
\BOOKMARK [1][-]{section.8.5}{\376\377\000T\000h\000r\000e\000e\000\040\000F\000e\000a\000t\000u\000r\000e\000s\000\040\000o\000f\000\040\000t\000h\000e\000\040\000M\000a\000p\000,\000\040\000a\000n\000d\000\040\000W\000h\000a\000t\000\040\000T\000h\000e\000y\000\040\000A\000r\000e\000\040\000N\000o\000t}{chapter.8}% 40
\BOOKMARK [0][-]{chapter.9}{\376\377\000B\000r\000i\000d\000g\000i\000n\000g\000\040\000t\000h\000e\000\040\000D\000i\000s\000c\000o\000n\000n\000e\000c\000t\000e\000d\000\040\000U\000n\000i\000v\000e\000r\000s\000e}{}% 41
\BOOKMARK [1][-]{section.9.1}{\376\377\000R\000e\000s\000t\000o\000r\000i\000n\000g\000\040\000t\000h\000e\000\040\000M\000e\000d\000i\000u\000m\000:\000\040\000W\000h\000a\000t\000\040\000t\000h\000e\000\040\000F\000r\000a\000m\000e\000w\000o\000r\000k\000\040\000D\000o\000e\000s\000\040\000a\000n\000d\000\040\000D\000o\000e\000s\000\040\000N\000o\000t\000\040\000C\000l\000a\000i\000m}{chapter.9}% 42
\BOOKMARK [1][-]{section.9.2}{\376\377\000T\000h\000e\000\040\000R\000e\000l\000a\000t\000i\000o\000n\000s\000h\000i\000p\000\040\000t\000o\000\040\000M\000O\000N\000D\000,\000\040\000S\000t\000a\000t\000e\000d\000\040\000A\000c\000c\000u\000r\000a\000t\000e\000l\000y}{chapter.9}% 43
\BOOKMARK [1][-]{section.9.3}{\376\377\000D\000a\000r\000k\000\040\000E\000n\000e\000r\000g\000y\000:\000\040\000a\000n\000\040\000O\000p\000e\000n\000\040\000Q\000u\000e\000s\000t\000i\000o\000n\000,\000\040\000N\000o\000t\000\040\000a\000n\000\040\000E\000l\000i\000m\000i\000n\000a\000t\000i\000o\000n}{chapter.9}% 44
\BOOKMARK [1][-]{section.9.4}{\376\377\000W\000h\000a\000t\000\040\000t\000h\000e\000\040\000F\000r\000a\000m\000e\000w\000o\000r\000k\000\040\000C\000a\000n\000\040\000P\000r\000e\000s\000e\000n\000t\000l\000y\000\040\000B\000e\000\040\000T\000e\000s\000t\000e\000d\000\040\000O\000n}{chapter.9}% 45
\BOOKMARK [0][-]{chapter.10}{\376\377\000T\000h\000e\000\040\000S\000t\000r\000a\000i\000n\000\040\000S\000u\000r\000v\000e\000y\000:\000\040\000F\000o\000u\000r\000\040\000H\000o\000n\000e\000s\000t\000\040\000R\000u\000n\000s\000\040\000U\000n\000d\000e\000r\000\040\000S\000t\000r\000i\000c\000t\000\040\000I\000/\000O}{}% 46
\BOOKMARK [1][-]{section.10.1}{\376\377\000T\000h\000e\000\040\000C\000o\000n\000t\000r\000a\000c\000t\000\040\000T\000h\000e\000s\000e\000\040\000R\000u\000n\000s\000\040\000E\000n\000f\000o\000r\000c\000e}{chapter.10}% 47
\BOOKMARK [1][-]{section.10.2}{\376\377\000P\000l\000a\000n\000e\000t\000a\000r\000y\000\040\040\024\000\040\000A\000\040\000C\000l\000e\000a\000n\000\040\000A\000b\000o\000r\000t}{chapter.10}% 48
\BOOKMARK [1][-]{section.10.3}{\376\377\000C\000o\000s\000m\000o\000l\000o\000g\000i\000c\000a\000l\000\040\040\024\000\040\000A\000n\000\040\000A\000b\000o\000r\000t\000,\000\040\000W\000i\000t\000h\000\040\000t\000h\000e\000\040\000M\000O\000N\000D\000\040\000S\000c\000a\000l\000e\000\040\000D\000e\000r\000i\000v\000e\000d\000\040\000F\000i\000r\000s\000t}{chapter.10}% 49
\BOOKMARK [1][-]{section.10.4}{\376\377\000A\000m\000i\000n\000o\000\040\000A\000c\000i\000d\000s\000\040\040\024\000\040\000T\000h\000e\000\040\000M\000o\000d\000u\000l\000u\000s\000\040\000S\000w\000e\000e\000p\000\040\000S\000a\000y\000s\000\040\000N\000o}{chapter.10}% 50
\BOOKMARK [1][-]{section.10.5}{\376\377\000B\000l\000a\000c\000k\000\040\000H\000o\000l\000e\000s\000\040\040\024\000\040\000W\000h\000a\000t\000\040\000W\000e\000\040\000R\000a\000n\000,\000\040\000W\000h\000a\000t\000\040\000W\000e\000\040\000S\000a\000w\000,\000\040\000a\000n\000d\000\040\000t\000h\000e\000\040\000R\000e\000b\000u\000i\000l\000d\000\040\000I\000t\000\040\000R\000e\000q\000u\000i\000r\000e\000s}{chapter.10}% 51
\BOOKMARK [2][-]{subsection.10.5.1}{\376\377\000W\000h\000a\000t\000\040\000w\000e\000\040\000s\000a\000w}{section.10.5}% 52
\BOOKMARK [2][-]{subsection.10.5.2}{\376\377\000W\000h\000a\000t\000\040\000w\000e\000\040\000d\000e\000t\000e\000r\000m\000i\000n\000e\000d\000\040\000t\000h\000e\000\040\000c\000a\000u\000s\000e\000\040\000t\000o\000\040\000b\000e}{section.10.5}% 53
\BOOKMARK [2][-]{subsection.10.5.3}{\376\377\000W\000h\000y\000\040\000w\000e\000\040\000c\000a\000n\000n\000o\000t\000\040\000p\000a\000t\000c\000h\000\040\000i\000t\000\040\000i\000n\000\040\000t\000h\000i\000s\000\040\000v\000o\000l\000u\000m\000e}{section.10.5}% 54
\BOOKMARK [2][-]{subsection.10.5.4}{\376\377\000T\000h\000e\000\040\000y\000i\000e\000l\000d\000\040\000r\000a\000d\000i\000u\000s\000,\000\040\000a\000n\000d\000\040\000a\000\040\000f\000l\000a\000g\000\040\000t\000h\000e\000\040\000e\000n\000g\000i\000n\000e\000\040\000r\000a\000i\000s\000e\000d\000\040\000o\000n\000\040\000i\000t\000s\000e\000l\000f}{section.10.5}% 55
\BOOKMARK [1][-]{section.10.6}{\376\377\000W\000h\000a\000t\000\040\000t\000h\000e\000\040\000S\000t\000r\000a\000i\000n\000\040\000S\000u\000r\000v\000e\000y\000\040\000E\000s\000t\000a\000b\000l\000i\000s\000h\000e\000d}{chapter.10}% 56
\BOOKMARK [0][-]{chapter.11}{\376\377\000T\000h\000e\000\040\000R\000o\000m\000a\000n\000\040\000P\000r\000e\000d\000i\000c\000t\000i\000o\000n\000s\000\040\000a\000n\000d\000\040\000t\000h\000e\000\040\000R\000o\000t\000a\000t\000i\000o\000n\000\040\000P\000a\000r\000a\000d\000o\000x}{}% 57
\BOOKMARK [1][-]{section.11.1}{\376\377\000T\000h\000e\000\040\000A\000d\000\040\000H\000o\000c\000\040\000H\000a\000l\000o\000\040\000v\000s\000.\000\040\000T\000h\000e\000\040\000H\000a\000r\000m\000o\000n\000i\000c\000\040\000C\000o\000n\000t\000a\000i\000n\000e\000r}{chapter.11}% 58
\BOOKMARK [1][-]{section.11.2}{\376\377\000T\000e\000x\000t\000b\000o\000o\000k\000\040\000A\000p\000p\000l\000i\000c\000a\000t\000i\000o\000n\000:\000\040\000A\000n\000d\000r\000o\000m\000e\000d\000a\000\040\000\050\000M\0003\0001\000\051}{chapter.11}% 59
\BOOKMARK [1][-]{section.11.3}{\376\377\000P\000r\000e\000-\000R\000e\000g\000i\000s\000t\000e\000r\000e\000d\000\040\000R\000o\000m\000a\000n\000\040\000W\000e\000a\000k\000\040\000L\000e\000n\000s\000i\000n\000g\000\040\000B\000o\000u\000n\000d\000a\000r\000i\000e\000s}{chapter.11}% 60
\BOOKMARK [0][-]{chapter.12}{\376\377\000P\000r\000e\000-\000R\000e\000g\000i\000s\000t\000r\000a\000t\000i\000o\000n\000:\000\040\000T\000h\000e\000\040\000P\000e\000r\000i\000o\000d\000\040\000E\000n\000g\000i\000n\000e\000\040\000T\000r\000i\000a\000l\000\040\000S\000e\000t}{}% 61
\BOOKMARK [1][-]{section.12.1}{\376\377\000C\000a\000r\000r\000i\000e\000d\000\040\000F\000o\000r\000w\000a\000r\000d\000\040\000F\000r\000o\000m\000\040\000V\000o\000l\000u\000m\000e\000\040\0001\0002}{chapter.12}% 62
\BOOKMARK [1][-]{section.12.2}{\376\377\000T\000r\000i\000a\000l\000\040\0002\000b\000:\000\040\000R\000u\000n\000,\000\040\000a\000n\000d\000\040\000I\000t\000s\000\040\000R\000e\000p\000o\000r\000t\000i\000n\000g\000\040\000C\000o\000r\000r\000e\000c\000t\000e\000d}{chapter.12}% 63
\BOOKMARK [1][-]{section.12.3}{\376\377\000T\000h\000e\000\040\000T\000r\000i\000a\000l\000\040\000S\000e\000t\000,\000\040\000C\000u\000r\000r\000e\000n\000t\000\040\000S\000t\000a\000t\000u\000s}{chapter.12}% 64
\BOOKMARK [0][-]{chapter.13}{\376\377\000P\000r\000e\000-\000R\000e\000g\000i\000s\000t\000r\000a\000t\000i\000o\000n\000:\000\040\000T\000h\000e\000\040\000s\0002\000\040\000R\000e\000b\000u\000i\000l\000d}{}% 65
\BOOKMARK [1][-]{section.13.1}{\376\377\000W\000h\000y\000\040\000s\0002\000\040\000M\000u\000s\000t\000\040\000B\000e\000\040\000R\000e\000b\000u\000i\000l\000t}{chapter.13}% 66
\BOOKMARK [1][-]{section.13.2}{\376\377\000T\000h\000e\000\040\000R\000e\000f\000e\000r\000e\000e\000-\000A\000p\000p\000r\000o\000v\000e\000d\000\040\000R\000e\000b\000u\000i\000l\000d\000\040\000S\000p\000e\000c\000i\000f\000i\000c\000a\000t\000i\000o\000n}{chapter.13}% 67
\BOOKMARK [0][-]{chapter.14}{\376\377\000T\000h\000e\000\040\000C\000r\000o\000s\000s\000-\000S\000c\000a\000l\000e\000\040\000S\000t\000a\000c\000k\000:\000\040\000a\000n\000\040\000E\000x\000p\000e\000r\000i\000m\000e\000n\000t\000\040\000a\000n\000d\000\040\000I\000t\000s\000\040\000F\000a\000l\000s\000i\000f\000i\000e\000r}{}% 68
\BOOKMARK [1][-]{section.14.1}{\376\377\000T\000h\000e\000\040\000I\000d\000e\000a}{chapter.14}% 69
\BOOKMARK [1][-]{section.14.2}{\376\377\000W\000h\000y\000\040\000t\000h\000e\000\040\000N\000a\000i\000v\000e\000\040\000S\000t\000a\000c\000k\000\040\000M\000a\000n\000u\000f\000a\000c\000t\000u\000r\000e\000s\000\040\000I\000t\000s\000\040\000O\000w\000n\000\040\000A\000n\000s\000w\000e\000r}{chapter.14}% 70
\BOOKMARK [1][-]{section.14.3}{\376\377\000T\000h\000e\000\040\000D\000i\000s\000c\000r\000i\000m\000i\000n\000a\000t\000o\000r}{chapter.14}% 71
\BOOKMARK [1][-]{section.14.4}{\376\377\000T\000h\000e\000\040\000F\000o\000u\000r\000-\000G\000a\000t\000e\000\040\000P\000r\000o\000t\000o\000c\000o\000l}{chapter.14}% 72
\BOOKMARK [0][-]{chapter.15}{\376\377\000S\000t\000a\000n\000d\000i\000n\000g\000,\000\040\000a\000n\000d\000\040\000W\000h\000a\000t\000\040\000V\000o\000l\000u\000m\000e\000\040\0001\0003\000\040\000C\000o\000m\000m\000i\000t\000s\000\040\000T\000o}{}% 73
\BOOKMARK [1][-]{section.15.1}{\376\377\000T\000h\000e\000\040\000L\000e\000d\000g\000e\000r}{chapter.15}% 74
\BOOKMARK [1][-]{section.15.2}{\376\377\000T\000h\000e\000\040\000O\000n\000e\000\040\000F\000a\000c\000t\000\040\000a\000n\000d\000\040\000t\000h\000e\000\040\000O\000n\000e\000\040\000Q\000u\000e\000s\000t\000i\000o\000n}{chapter.15}% 75
\BOOKMARK [1][-]{section.15.3}{\376\377\000C\000l\000o\000s\000i\000n\000g}{chapter.15}% 76
\BOOKMARK [0][-]{chapter.16}{\376\377\000T\000h\000e\000\040\000P\000e\000r\000i\000o\000d\000\040\000E\000n\000g\000i\000n\000e\000:\000\040\000O\000p\000e\000r\000a\000t\000i\000o\000n\000,\000\040\000O\000u\000t\000p\000u\000t\000s\000,\000\040\000a\000n\000d\000\040\000C\000o\000m\000m\000a\000n\000d\000s}{}% 77
\BOOKMARK [1][-]{section.16.1}{\376\377\000W\000h\000a\000t\000\040\000t\000h\000e\000\040\000P\000e\000r\000i\000o\000d\000\040\000E\000n\000g\000i\000n\000e\000\040\000I\000s\000,\000\040\000i\000n\000\040\000O\000n\000e\000\040\000P\000a\000r\000a\000g\000r\000a\000p\000h}{chapter.16}% 78
\BOOKMARK [1][-]{section.16.2}{\376\377\000T\000h\000e\000\040\000P\000i\000p\000e\000l\000i\000n\000e\000\040\000S\000t\000a\000g\000e\000s}{chapter.16}% 79
\BOOKMARK [2][-]{subsection.16.2.1}{\376\377\000T\000h\000e\000\040\000s\000u\000p\000p\000o\000r\000t\000\040\000s\000t\000a\000g\000e\000,\000\040\000a\000n\000d\000\040\000w\000h\000y\000\040\000i\000t\000\040\000i\000s\000\040\000m\000a\000n\000d\000a\000t\000o\000r\000y}{section.16.2}% 80
\BOOKMARK [1][-]{section.16.3}{\376\377\000R\000u\000n\000n\000i\000n\000g\000\040\000I\000t}{chapter.16}% 81
\BOOKMARK [1][-]{section.16.4}{\376\377\000R\000e\000s\000o\000u\000r\000c\000e\000\040\000A\000d\000a\000p\000t\000a\000t\000i\000o\000n\000:\000\040\000T\000u\000r\000t\000l\000e\000\040\000t\000o\000\040\000B\000e\000a\000s\000t\000,\000\040\000S\000a\000m\000e\000\040\000N\000u\000m\000b\000e\000r\000s}{chapter.16}% 82
\BOOKMARK [1][-]{section.16.5}{\376\377\000O\000u\000t\000p\000u\000t\000s}{chapter.16}% 83
\BOOKMARK [1][-]{section.16.6}{\376\377\000T\000h\000e\000\040\000R\000e\000p\000o\000r\000t\000i\000n\000g\000\040\000S\000u\000i\000t\000e}{chapter.16}% 84
\BOOKMARK [1][-]{section.16.7}{\376\377\000F\000i\000r\000s\000t\000-\000L\000i\000g\000h\000t\000\040\000R\000e\000s\000u\000l\000t}{chapter.16}% 85
\BOOKMARK [0][-]{chapter.17}{\376\377\000T\000h\000e\000\040\000S\000t\000a\000n\000d\000i\000n\000g\000\040\000P\000r\000e\000-\000R\000e\000g\000i\000s\000t\000r\000a\000t\000i\000o\000n\000s}{}% 86
\BOOKMARK [1][-]{section.17.1}{\376\377\000O\000r\000d\000e\000r\000\040\000o\000f\000\040\000W\000o\000r\000k}{chapter.17}% 87
\BOOKMARK [0][-]{chapter.18}{\376\377\000T\000h\000e\000\040\000C\000o\000n\000t\000r\000i\000b\000u\000t\000i\000o\000n\000:\000\040\000A\000n\000\040\000I\000n\000s\000t\000r\000u\000m\000e\000n\000t\000,\000\040\000O\000f\000f\000e\000r\000e\000d}{}% 88
\BOOKMARK [1][-]{section.18.1}{\376\377\000W\000h\000a\000t\000\040\000W\000a\000s\000\040\000A\000c\000t\000u\000a\000l\000l\000y\000\040\000B\000u\000i\000l\000t}{chapter.18}% 89
\BOOKMARK [1][-]{section.18.2}{\376\377\000W\000h\000y\000\040\000t\000h\000e\000\040\000I\000n\000s\000t\000r\000u\000m\000e\000n\000t\000\040\000I\000s\000\040\000a\000\040\000C\000o\000n\000t\000r\000i\000b\000u\000t\000i\000o\000n\000\040\000E\000v\000e\000n\000\040\000I\000f\000\040\000t\000h\000e\000\040\000H\000y\000p\000o\000t\000h\000e\000s\000i\000s\000\040\000I\000s\000\040\000W\000r\000o\000n\000g}{chapter.18}% 90
\BOOKMARK [1][-]{section.18.3}{\376\377\000L\000e\000a\000r\000n\000i\000n\000g\000\040\000t\000h\000e\000\040\000D\000i\000a\000l\000s\000\040\000W\000i\000t\000h\000o\000u\000t\000\040\000T\000u\000n\000i\000n\000g\000\040\000T\000h\000e\000m}{chapter.18}% 91
\BOOKMARK [1][-]{section.18.4}{\376\377\000W\000h\000a\000t\000\040\000I\000s\000\040\000O\000f\000f\000e\000r\000e\000d\000,\000\040\000a\000n\000d\000\040\000t\000o\000\040\000W\000h\000o\000m}{chapter.18}% 92
\BOOKMARK [0][-]{chapter.19}{\376\377\000T\000h\000e\000\040\000F\000o\000r\000w\000a\000r\000d\000\040\000K\000i\000n\000e\000m\000a\000t\000i\000c\000\040\000E\000n\000g\000i\000n\000e\000:\000\040\000B\000u\000i\000l\000d\000,\000\040\000F\000a\000l\000l\000b\000a\000c\000k\000\040\000D\000e\000f\000e\000c\000t\000,\000\040\000a\000n\000d\000\040\000F\000i\000r\000s\000t\000\040\000H\000o\000n\000e\000s\000t\000\040\000R\000u\000n\000s}{}% 93
\BOOKMARK [1][-]{section.19.1}{\376\377\000F\000r\000o\000m\000\040\000S\000p\000e\000c\000t\000r\000o\000s\000c\000o\000p\000y\000\040\000t\000o\000\040\000D\000e\000t\000e\000r\000m\000i\000n\000i\000s\000m}{chapter.19}% 94
\BOOKMARK [1][-]{section.19.2}{\376\377\000T\000h\000e\000\040\000F\000a\000l\000l\000b\000a\000c\000k\000\040\000D\000e\000f\000e\000c\000t\000,\000\040\000a\000n\000d\000\040\000I\000t\000s\000\040\000R\000e\000m\000o\000v\000a\000l}{chapter.19}% 95
\BOOKMARK [1][-]{section.19.3}{\376\377\000W\000h\000a\000t\000\040\000t\000h\000e\000\040\000H\000o\000n\000e\000s\000t\000\040\000R\000u\000n\000s\000\040\000R\000e\000t\000u\000r\000n\000e\000d}{chapter.19}% 96
\BOOKMARK [0][-]{chapter*.4}{\376\377\000R\000e\000f\000e\000r\000e\000n\000c\000e\000s}{}% 97
\BOOKMARK [1][-]{chapter*.5}{\376\377\000S\000c\000i\000e\000n\000t\000i\000f\000i\000c\000\040\000R\000e\000f\000e\000r\000e\000n\000c\000e\000s}{chapter*.4}% 98
