KishLattice Period Engine Run Log
========================================================================
 started_utc : 2026-09-19T21:02:56Z
 fingerprint : e7d91acd7433fa08f5f1882d520aec69c5038140da633734f9986753615f96fe8f5eacc938f972d135ec481b861d424aeff4f976cb81ed946d42b6b0b6bbc668cc2a582a39ad91aba6c6b2269338c1a9
  resources: 20 core(s), 19 worker(s), GPU: none (CPU only)   [rabbit]   sample cap: 2,000,000
 start stage : logify   support gate: MANDATORY
========================================================================

[STAGE] logify
  logify L_comprehensive_master_promoted.jsonl: 22388943 -> 22388943
  logify L_emission_nist_promoted.jsonl: 189330 -> 189330
  logify L_pulsar_spin_promoted.jsonl: 2527 -> 2527
  logify L_q5_decay_promoted.jsonl: 3205 -> 3205
  logify L_universal_angular_promoted.jsonl: 270162 -> 270162
  logify L_universal_energy_promoted.jsonl: 669605 -> 669605
  logify L_universal_length_promoted.jsonl: 2123390 -> 2123390
  logify L_universal_mass_promoted.jsonl: 1843276 -> 1843276
  logify L_universal_time_promoted.jsonl: 351384 -> 351384
  logify L_universal_topology_promoted.jsonl: 8099779 -> 8099779
  logify L_universal_velocity_promoted.jsonl: 4213607 -> 4213607

  DISPATCH REPORT
    [comprehensive_master] {'logified': 22388943}
    [quantum_transitional] {'logified': 189330}
    [pulsar_spin] {'logified': 2527}
    [nuclear_decay] {'logified': 3205}
    [universal_angular] {'logified': 270162}
    [universal_energy] {'logified': 669605}
    [universal_length] {'logified': 2123390}
    [universal_mass] {'logified': 1843276}
    [universal_time] {'logified': 351384}
    [universal_topology] {'logified': 8099779}
    [universal_velocity] {'logified': 4213607}

[STAGE] support + scan + census
    [sample] L_comprehensive_master_logified.jsonl: 22,388,943 records > cap 2,000,000 -> reservoir-sampled to 2,000,000 (seed 20260913, deterministic). Numbers are on the subsample; re-run with KLGHS_CAP=22388943 on adequate RAM for the full lake.

  [L_comprehensive_master] n=2,000,000 [sampled 2,000,000/22,388,943]
    support: raw 15.02 eff 4.34 infl 3.46 -> SPARSE-TAIL-ARTIFACT
    shape:   SPIKED -- one bin holds >=25% of mass -- likely a single value or placeholder
    distribution (ln x, 25 bins, densest=63% of mass):
         -12.9..   -12.3         1  
         -12.3..   -11.7         0  
         -11.7..   -11.1         1  
         -11.1..   -10.5         3  
         -10.5..    -9.9         2  
          -9.9..    -9.3         9  
          -9.3..    -8.7        17  
          -8.7..    -8.1        12  
          -8.1..    -7.5        31  
          -7.5..    -6.9        56  
          -6.9..    -6.3       144  
          -6.3..    -5.7       220  
          -5.7..    -5.1       475  
          -5.1..    -4.5       921  
          -4.5..    -3.9      1431  
          -3.9..    -3.3      2660  
          -3.3..    -2.7      4755  
          -2.7..    -2.1      8632  
          -2.1..    -1.5     41103  #
          -1.5..    -0.9     64204  ##
          -0.9..    -0.3    215240  ######
          -0.3..     0.3   1250778  ########################################
           0.3..     0.9     33511  #
           0.9..     1.5    330822  ##########
           1.5..     2.1     44972  #
    scan: best resolvable 7/pi excess 2.7 -- below bar

  [L_emission_nist] n=189,330
    support: raw 23.04 eff 6.77 infl 3.40 -> SPARSE-TAIL-ARTIFACT
    shape:   SPIKED -- one bin holds >=25% of mass -- likely a single value or placeholder
    distribution (ln x, 25 bins, densest=29% of mass):
          15.4..    16.3         5  
          16.3..    17.2         5  
          17.2..    18.1         6  
          18.1..    19.1         7  
          19.1..    20.0         9  
          20.0..    20.9         6  
          20.9..    21.8         7  
          21.8..    22.8         3  
          22.8..    23.7         4  
          23.7..    24.6         0  
          24.6..    25.5         4  
          25.5..    26.4        16  
          26.4..    27.4        42  
          27.4..    28.3        48  
          28.3..    29.2       110  
          29.2..    30.1       418  
          30.1..    31.1       981  
          31.1..    32.0     16454  ###########
          32.0..    32.9     55369  ########################################
          32.9..    33.8     37635  ###########################
          33.8..    34.7     36436  ##########################
          34.7..    35.7     16609  ###########
          35.7..    36.6      8217  #####
          36.6..    37.5     16834  ############
          37.5..    38.4       105  
    scan: best resolvable 10/pi excess 4.3 -- below bar

  [L_pulsar_spin] n=2,527
    support: raw 9.04 eff 8.37 infl 1.08 -> SUPPORT-OK
    shape:   FILLED -- mass spread across the span -- honest support
    distribution (ln x, 25 bins, densest=14% of mass):
          -2.5..    -2.1        12  #
          -2.1..    -1.7        24  ##
          -1.7..    -1.4        25  ##
          -1.4..    -1.0        43  ####
          -1.0..    -0.7       105  ###########
          -0.7..    -0.3       182  ####################
          -0.3..     0.1       274  ##############################
           0.1..     0.4       330  ####################################
           0.4..     0.8       363  ########################################
           0.8..     1.1       321  ###################################
           1.1..     1.5       222  ########################
           1.5..     1.9       122  #############
           1.9..     2.2        60  ######
           2.2..     2.6        46  #####
           2.6..     3.0        26  ##
           3.0..     3.3        21  ##
           3.3..     3.7        25  ##
           3.7..     4.0        13  #
           4.0..     4.4        12  #
           4.4..     4.8        19  ##
           4.8..     5.1        31  ###
           5.1..     5.5        87  #########
           5.5..     5.9        98  ##########
           5.9..     6.2        51  #####
           6.2..     6.6        15  #
    scan: best resolvable 6/pi excess 3.5 -- below bar

  [L_q5_decay] n=3,205
    support: raw 125.38 eff 106.87 infl 1.17 -> SUPPORT-OK
    shape:   SPIKED -- one bin holds >=25% of mass -- likely a single value or placeholder
    distribution (ln x, 25 bins, densest=26% of mass):
         -50.8..   -45.8        29  #
         -45.8..   -40.8         2  
         -40.8..   -35.8         1  
         -35.8..   -30.7         0  
         -30.7..   -25.7         2  
         -25.7..   -20.7         2  
         -20.7..   -15.7        37  #
         -15.7..   -10.7       126  #####
         -10.7..    -5.7        87  ####
          -5.7..    -0.7       655  ##############################
          -0.7..     4.4       847  ########################################
           4.4..     9.4       656  ##############################
           9.4..    14.4       286  #############
          14.4..    19.4       105  ####
          19.4..    24.4        35  #
          24.4..    29.4        21  
          29.4..    34.4        26  #
          34.4..    39.5         5  
          39.5..    44.5         8  
          44.5..    49.5         1  
          49.5..    54.5         8  
          54.5..    59.5       252  ###########
          59.5..    64.5         8  
          64.5..    69.6         4  
          69.6..    74.6         2  
    scan: best resolvable 8/pi excess 2.3 -- below bar

  [L_universal_angular] n=270,162
    support: raw 65.69 eff 56.22 infl 1.17 -> SUPPORT-OK
    shape:   SPIKED -- one bin holds >=25% of mass -- likely a single value or placeholder
    distribution (ln x, 25 bins, densest=32% of mass):
         -27.3..   -24.6         4  
         -24.6..   -22.0         8  
         -22.0..   -19.4       322  
         -19.4..   -16.8     10354  ####
         -16.8..   -14.1     41053  ##################
         -14.1..   -11.5     24595  ###########
         -11.5..    -8.9      1969  
          -8.9..    -6.2         0  
          -6.2..    -3.6         0  
          -3.6..    -1.0       111  
          -1.0..     1.6      1846  
           1.6..     4.3       264  
           4.3..     6.9       306  
           6.9..     9.5         0  
           9.5..    12.1         0  
          12.1..    14.8         0  
          14.8..    17.4        10  
          17.4..    20.0        22  
          20.0..    22.7        16  
          22.7..    25.3         8  
          25.3..    27.9        84  
          27.9..    30.5       863  
          30.5..    33.2     86611  ########################################
          33.2..    35.8     79762  ####################################
          35.8..    38.4     21954  ##########
    scan: best resolvable 12/pi excess 3.7 -- below bar

  [L_universal_energy] n=669,605
    support: raw 44.16 eff 26.69 infl 1.65 -> TAIL-INFLATED
    shape:   TAIL-INFLATED -- inflation 1.7x -- effective span notably below raw
    distribution (ln x, 25 bins, densest=23% of mass):
         -17.7..   -16.0         9  
         -16.0..   -14.2        13  
         -14.2..   -12.4        13  
         -12.4..   -10.7        13  
         -10.7..    -8.9         5  
          -8.9..    -7.1        10  
          -7.1..    -5.4        80  
          -5.4..    -3.6       241  
          -3.6..    -1.8      1965  
          -1.8..    -0.1     82426  #####################
          -0.1..     1.7    108192  ############################
           1.7..     3.5     48632  ############
           3.5..     5.2     18326  ####
           5.2..     7.0      3128  
           7.0..     8.8      6779  #
           8.8..    10.5     16434  ####
          10.5..    12.3     59216  ###############
          12.3..    14.1    153414  ########################################
          14.1..    15.8     67568  #################
          15.8..    17.6      3141  
          17.6..    19.4         0  
          19.4..    21.1      7857  ##
          21.1..    22.9     22310  #####
          22.9..    24.7     63120  ################
          24.7..    26.4      6713  #
    scan: best resolvable 14/pi excess 1.7 -- below bar
    [sample] L_universal_length_logified.jsonl: 2,123,390 records > cap 2,000,000 -> reservoir-sampled to 2,000,000 (seed 20260913, deterministic). Numbers are on the subsample; re-run with KLGHS_CAP=2123390 on adequate RAM for the full lake.

  [L_universal_length] n=2,000,000 [sampled 2,000,000/2,123,390]
    support: raw 67.15 eff 19.69 infl 3.41 -> SPARSE-TAIL-ARTIFACT
    shape:   SPIKED -- one bin holds >=25% of mass -- likely a single value or placeholder
    distribution (ln x, 25 bins, densest=69% of mass):
         -17.6..   -14.9       191  
         -14.9..   -12.2      1274  
         -12.2..    -9.5      1185  
          -9.5..    -6.8        80  
          -6.8..    -4.1         9  
          -4.1..    -1.5         8  
          -1.5..     1.2        22  
           1.2..     3.9        13  
           3.9..     6.6         2  
           6.6..     9.3         0  
           9.3..    12.0         0  
          12.0..    14.7         0  
          14.7..    17.3         0  
          17.3..    20.0         0  
          20.0..    22.7      1523  
          22.7..    25.4      3819  
          25.4..    28.1     20031  
          28.1..    30.8       106  
          30.8..    33.5         6  
          33.5..    36.1         0  
          36.1..    38.8         0  
          38.8..    41.5       723  
          41.5..    44.2    597880  #################
          44.2..    46.9   1372599  ########################################
          46.9..    49.6       529  
    scan: best resolvable 12/pi excess 2.6 -- below bar

  [L_universal_mass] n=1,843,276
    support: raw 26.76 eff 9.40 infl 2.85 -> TAIL-INFLATED
    shape:   SPIKED -- one bin holds >=25% of mass -- likely a single value or placeholder
    distribution (ln x, 25 bins, densest=28% of mass):
          69.9..    71.0         3  
          71.0..    72.1        16  
          72.1..    73.1        67  
          73.1..    74.2        72  
          74.2..    75.3         8  
          75.3..    76.4         0  
          76.4..    77.4         0  
          77.4..    78.5         0  
          78.5..    79.6         0  
          79.6..    80.6         0  
          80.6..    81.7         0  
          81.7..    82.8         0  
          82.8..    83.8         0  
          83.8..    84.9         0  
          84.9..    86.0         0  
          86.0..    87.1     22941  #
          87.1..    88.1    104166  ########
          88.1..    89.2    164606  ############
          89.2..    90.3    277686  #####################
          90.3..    91.3    492607  ######################################
          91.3..    92.4    517690  ########################################
          92.4..    93.5    162359  ############
          93.5..    94.5     46455  ###
          94.5..    95.6     29103  ##
          95.6..    96.7     25497  #
    scan: best resolvable 10/pi excess 3.7 -- below bar

  [L_universal_time] n=351,384
    support: raw 125.38 eff 18.50 infl 6.78 -> SPARSE-TAIL-ARTIFACT
    shape:   SPIKED -- one bin holds >=25% of mass -- likely a single value or placeholder
    distribution (ln x, 25 bins, densest=71% of mass):
         -50.8..   -45.8        29  
         -45.8..   -40.8         2  
         -40.8..   -35.8         1  
         -35.8..   -30.7         0  
         -30.7..   -25.7         2  
         -25.7..   -20.7         2  
         -20.7..   -15.7        37  
         -15.7..   -10.7       126  
         -10.7..    -5.7        87  
          -5.7..    -0.7       692  
          -0.7..     4.4     41383  ######
           4.4..     9.4    249311  ########################################
           9.4..    14.4     35739  #####
          14.4..    19.4     22908  ###
          19.4..    24.4       722  
          24.4..    29.4        29  
          29.4..    34.4        26  
          34.4..    39.5         5  
          39.5..    44.5         8  
          44.5..    49.5         1  
          49.5..    54.5         8  
          54.5..    59.5       252  
          59.5..    64.5         8  
          64.5..    69.6         4  
          69.6..    74.6         2  
    scan: best resolvable 16/pi excess 1.3 -- below bar
    [sample] L_universal_topology_logified.jsonl: 8,099,779 records > cap 2,000,000 -> reservoir-sampled to 2,000,000 (seed 20260913, deterministic). Numbers are on the subsample; re-run with KLGHS_CAP=8099779 on adequate RAM for the full lake.

  [L_universal_topology] n=2,000,000 [sampled 2,000,000/8,099,779]
    support: raw 7.50 eff 4.71 infl 1.59 -> TAIL-INFLATED
    shape:   TAIL-INFLATED -- inflation 1.6x -- effective span notably below raw
    distribution (ln x, 25 bins, densest=22% of mass):
          -2.3..    -2.0       700  
          -2.0..    -1.7         0  
          -1.7..    -1.4       633  
          -1.4..    -1.1       607  
          -1.1..    -0.8       574  
          -0.8..    -0.5      1322  
          -0.5..    -0.2      1386  
          -0.2..     0.1      1866  
           0.1..     0.4      1941  
           0.4..     0.7      3854  
           0.7..     1.0      4323  
           1.0..     1.3      5691  
           1.3..     1.6      8008  
           1.6..     1.9     10559  
           1.9..     2.2     14539  #
           2.2..     2.5     19736  #
           2.5..     2.8     26528  ##
           2.8..     3.1     36747  ###
           3.1..     3.4     55598  #####
           3.4..     3.7    140599  ############
           3.7..     4.0    252134  ######################
           4.0..     4.3    439410  ########################################
           4.3..     4.6    240919  #####################
           4.6..     4.9    367195  #################################
           4.9..     5.2    365131  #################################
    scan: best resolvable 9/pi excess 5.1 -- below bar
    [sample] L_universal_velocity_logified.jsonl: 4,213,607 records > cap 2,000,000 -> reservoir-sampled to 2,000,000 (seed 20260913, deterministic). Numbers are on the subsample; re-run with KLGHS_CAP=4213607 on adequate RAM for the full lake.

  [L_universal_velocity] n=2,000,000 [sampled 2,000,000/4,213,607]
    support: raw 42.84 eff 22.72 infl 1.89 -> TAIL-INFLATED
    shape:   SPIKED -- one bin holds >=25% of mass -- likely a single value or placeholder
    distribution (ln x, 25 bins, densest=46% of mass):
         -21.4..   -19.7         2  
         -19.7..   -18.0         2  
         -18.0..   -16.3         3  
         -16.3..   -14.6        10  
         -14.6..   -12.9        16  
         -12.9..   -11.2        69  
         -11.2..    -9.4       147  
          -9.4..    -7.7       414  
          -7.7..    -6.0       837  
          -6.0..    -4.3      2037  
          -4.3..    -2.6      4786  
          -2.6..    -0.9     10822  
          -0.9..     0.8     23468  #
           0.8..     2.6     46410  ##
           2.6..     4.3     81549  ###
           4.3..     6.0    125055  #####
           6.0..     7.7    165827  #######
           7.7..     9.4    278070  ############
           9.4..    11.1    129175  #####
          11.1..    12.8    915914  ########################################
          12.8..    14.5     86676  ###
          14.5..    16.3      1162  
          16.3..    18.0      6167  
          18.0..    19.7     48122  ##
          19.7..    21.4     73260  ###
    scan: best resolvable 6/pi excess 4.1 -- below bar

========================================================================
  SURVEY-WIDE REGISTER CENSUS
========================================================================
  NO register is both resolved and locked above the bar by ANY
  domain on effective support. The survey, measured honestly,
  does not currently demonstrate a register. This is a
  measurement of the instrument's reach, not a claim about the
  framework. (Mondy Item 8.)
========================================================================

Receipt : C:\Users\timot\Downloads\Science\src\Unification\vol13\lakes1d_period\logs\run_period_20260919_210256.receipt.txt
Log     : C:\Users\timot\Downloads\Science\src\Unification\vol13\lakes1d_period\logs\run_period_20260919_210256.log
Runtime : 461.9s
