\BOOKMARK [0][-]{chapter*.2}{\376\377\000P\000r\000e\000f\000a\000c\000e\000:\000\040\000T\000h\000e\000\040\000C\000o\000l\000d\000\040\000C\000r\000i\000t\000i\000c\000'\000s\000\040\000J\000o\000u\000r\000n\000e\000y}{}% 1
\BOOKMARK [0][-]{chapter.1}{\376\377\000T\000h\000e\000\040\000S\000i\000g\000n\000a\000l\000\040\000T\000h\000a\000t\000\040\000S\000t\000a\000r\000t\000e\000d\000\040\000E\000v\000e\000r\000y\000t\000h\000i\000n\000g}{}% 2
\BOOKMARK [1][-]{section.1.1}{\376\377\000T\000h\000e\000\040\000G\000h\000o\000s\000t\000\040\000N\000o\000t\000e\000s\000\040\000i\000n\000\040\000G\000W\0001\0005\0000\0009\0001\0004}{chapter.1}% 3
\BOOKMARK [1][-]{section.1.2}{\376\377\000T\000h\000e\000\040\000S\000c\000a\000l\000a\000r\000\040\000T\000h\000a\000t\000\040\000E\000m\000e\000r\000g\000e\000d}{chapter.1}% 4
\BOOKMARK [1][-]{section.1.3}{\376\377\000T\000h\000e\000\040\000N\000o\000t\000e\000\040\000W\000a\000s\000\040\000A\000l\000w\000a\000y\000s\000\040\000T\000h\000e\000r\000e}{chapter.1}% 5
\BOOKMARK [0][-]{chapter.2}{\376\377\000W\000h\000a\000t\000\040\000t\000h\000e\000\040\000F\000r\000a\000m\000e\000w\000o\000r\000k\000\040\000C\000l\000a\000i\000m\000s\000:\000\040\000A\000\040\000P\000r\000e\000c\000i\000s\000e\000\040\000S\000t\000a\000t\000e\000m\000e\000n\000t}{}% 6
\BOOKMARK [1][-]{section.2.1}{\376\377\000I\000n\000t\000r\000o\000d\000u\000c\000i\000n\000g\000\040\000a\000\040\000N\000e\000w\000\040\000F\000i\000e\000l\000d\000:\000\040\000K\000i\000s\000h\000L\000a\000t\000t\000i\000c\000e\000\040\000G\000e\000o\000m\000e\000t\000r\000i\000c\000\040\000H\000a\000r\000m\000o\000n\000i\000c\000\040\000S\000p\000e\000c\000t\000r\000o\000s\000c\000o\000p\000y}{chapter.2}% 7
\BOOKMARK [1][-]{section.2.2}{\376\377\000T\000h\000e\000\040\000C\000l\000a\000i\000m\000,\000\040\000S\000t\000a\000t\000e\000d\000\040\000O\000n\000c\000e\000,\000\040\000P\000r\000e\000c\000i\000s\000e\000l\000y}{chapter.2}% 8
\BOOKMARK [1][-]{section.2.3}{\376\377\000W\000h\000a\000t\000\040\000t\000h\000e\000\040\000F\000r\000a\000m\000e\000w\000o\000r\000k\000\040\000D\000o\000e\000s\000\040\000N\000o\000t\000\040\000C\000l\000a\000i\000m}{chapter.2}% 9
\BOOKMARK [0][-]{chapter.3}{\376\377\000T\000h\000e\000\040\000B\000r\000a\000n\000d\000i\000n\000g\000\040\000P\000r\000o\000b\000l\000e\000m\000:\000\040\000`\000`\000L\000a\000k\000e\000'\000'\000\040\000M\000e\000a\000n\000s\000\040\000D\000a\000t\000a\000s\000e\000t}{}% 10
\BOOKMARK [0][-]{chapter.4}{\376\377\000T\000h\000e\000\040\000N\000u\000m\000e\000r\000i\000s\000m\000\040\000O\000b\000j\000e\000c\000t\000i\000o\000n\000:\000\040\000C\000a\000n\000\040\000A\000n\000y\000\040\000N\000u\000m\000b\000e\000r\000s\000\040\000B\000e\000\040\000M\000a\000d\000e\000\040\000t\000o\000\040\000F\000i\000t\000?}{}% 11
\BOOKMARK [1][-]{section.4.1}{\376\377\000A\000n\000s\000w\000e\000r\000\040\000O\000n\000e\000:\000\040\000W\000e\000\040\000T\000e\000s\000t\000e\000d\000\040\000O\000t\000h\000e\000r\000\040\000M\000o\000d\000u\000l\000i}{chapter.4}% 12
\BOOKMARK [1][-]{section.4.2}{\376\377\000A\000n\000s\000w\000e\000r\000\040\000T\000w\000o\000:\000\040\000W\000e\000\040\000T\000e\000s\000t\000e\000d\000\040\000R\000a\000n\000d\000o\000m\000\040\000D\000a\000t\000a}{chapter.4}% 13
\BOOKMARK [1][-]{section.4.3}{\376\377\000A\000n\000s\000w\000e\000r\000\040\000T\000h\000r\000e\000e\000:\000\040\000W\000e\000\040\000S\000w\000e\000p\000t\000\040\000t\000h\000e\000\040\000M\000o\000d\000u\000l\000u\000s}{chapter.4}% 14
\BOOKMARK [1][-]{section.4.4}{\376\377\000A\000n\000s\000w\000e\000r\000\040\000F\000o\000u\000r\000:\000\040\000T\000h\000e\000\040\000S\000i\000g\000n\000a\000l\000\040\000H\000a\000s\000\040\000D\000i\000r\000e\000c\000t\000i\000o\000n}{chapter.4}% 15
\BOOKMARK [0][-]{chapter.5}{\376\377\000T\000h\000e\000\040\000L\000a\000w\000\040\000o\000f\000\040\000L\000a\000r\000g\000e\000\040\000N\000u\000m\000b\000e\000r\000s\000:\000\040\000D\000o\000\040\000B\000i\000g\000\040\000D\000a\000t\000a\000s\000e\000t\000s\000\040\000A\000u\000t\000o\000m\000a\000t\000i\000c\000a\000l\000l\000y\000\040\000F\000i\000n\000d\000\040\000P\000a\000t\000t\000e\000r\000n\000s\000?}{}% 16
\BOOKMARK [1][-]{section.5.1}{\376\377\000T\000h\000e\000\040\000S\000o\000l\000a\000r\000\040\000C\000y\000c\000l\000e\000\040\000C\000o\000u\000n\000t\000e\000r\000-\000E\000x\000a\000m\000p\000l\000e}{chapter.5}% 17
\BOOKMARK [1][-]{section.5.2}{\376\377\000T\000w\000o\000\040\000I\000n\000d\000e\000p\000e\000n\000d\000e\000n\000t\000\040\000N\000u\000l\000l\000\040\000D\000i\000s\000t\000r\000i\000b\000u\000t\000i\000o\000n\000s}{chapter.5}% 18
\BOOKMARK [1][-]{section.5.3}{\376\377\000T\000h\000e\000\040\000S\000y\000n\000t\000h\000e\000t\000i\000c\000\040\000N\000u\000l\000l\000\040\000C\000o\000m\000p\000a\000r\000i\000s\000o\000n}{chapter.5}% 19
\BOOKMARK [0][-]{chapter.6}{\376\377\000T\000h\000e\000\040\000A\000r\000b\000i\000t\000r\000a\000r\000y\000\040\000C\000o\000n\000s\000t\000a\000n\000t\000:\000\040\000I\000s\000\040\0001\0006\000/\000\040\000a\000\040\000F\000u\000d\000g\000e\000\040\000F\000a\000c\000t\000o\000r\000?}{}% 20
\BOOKMARK [1][-]{section.6.1}{\376\377\000T\000h\000e\000\040\000D\000e\000r\000i\000v\000a\000t\000i\000o\000n\000\040\000f\000r\000o\000m\000\040\000G\000e\000o\000m\000e\000t\000r\000y}{chapter.6}% 21
\BOOKMARK [1][-]{section.6.2}{\376\377\000T\000h\000e\000\040\000C\000r\000i\000t\000i\000c\000a\000l\000\040\000T\000e\000s\000t\000:\000\040\000A\000d\000j\000a\000c\000e\000n\000t\000\040\000V\000a\000l\000u\000e\000s\000\040\000D\000e\000s\000t\000r\000o\000y\000\040\000t\000h\000e\000\040\000S\000i\000g\000n\000a\000l}{chapter.6}% 22
\BOOKMARK [1][-]{section.6.3}{\376\377\000T\000h\000e\000\040\000S\000a\000m\000e\000\040\000O\000b\000j\000e\000c\000t\000s\000\040\000M\000e\000a\000s\000u\000r\000e\000d\000\040\000F\000o\000u\000r\000\040\000W\000a\000y\000s}{chapter.6}% 23
\BOOKMARK [0][-]{chapter.7}{\376\377\000T\000h\000e\000\040\000C\000o\000n\000t\000a\000i\000n\000e\000r\000\040\000B\000i\000a\000s\000\040\000O\000b\000j\000e\000c\000t\000i\000o\000n\000:\000\040\000B\000a\000s\000i\000n\000\040\000S\000h\000a\000p\000e\000s\000,\000\040\000S\000e\000i\000c\000h\000e\000s\000,\000\040\000a\000n\000d\000\040\000S\000c\000h\000u\000m\000a\000n\000n\000\040\000R\000e\000s\000o\000n\000a\000n\000c\000e\000s}{}% 24
\BOOKMARK [1][-]{section.7.1}{\376\377\000T\000h\000e\000\040\0004\0001\000-\000O\000r\000d\000e\000r\000\040\000S\000c\000a\000l\000e\000\040\000T\000e\000s\000t}{chapter.7}% 25
\BOOKMARK [1][-]{section.7.2}{\376\377\000T\000h\000e\000\040\000P\000r\000o\000t\000e\000i\000n\000\040\000B\000a\000c\000k\000b\000o\000n\000e\000\040\000H\000a\000s\000\040\000N\000o\000\040\000C\000o\000n\000t\000a\000i\000n\000e\000r}{chapter.7}% 26
\BOOKMARK [1][-]{section.7.3}{\376\377\000T\000h\000e\000\040\000A\000e\000t\000h\000e\000r\000\040\000O\000b\000j\000e\000c\000t\000i\000o\000n}{chapter.7}% 27
\BOOKMARK [0][-]{chapter.8}{\376\377\000C\000o\000n\000f\000i\000r\000m\000a\000t\000i\000o\000n\000\040\000B\000i\000a\000s\000:\000\040\000D\000i\000d\000\040\000W\000e\000\040\000L\000o\000o\000k\000\040\000U\000n\000t\000i\000l\000\040\000W\000e\000\040\000F\000o\000u\000n\000d\000\040\000I\000t\000?}{}% 28
\BOOKMARK [1][-]{section.8.1}{\376\377\000T\000h\000e\000\040\000P\000r\000e\000-\000R\000e\000g\000i\000s\000t\000r\000a\000t\000i\000o\000n\000\040\000R\000e\000c\000o\000r\000d}{chapter.8}% 29
\BOOKMARK [1][-]{section.8.2}{\376\377\000W\000e\000\040\000P\000u\000b\000l\000i\000s\000h\000e\000d\000\040\000T\000h\000r\000e\000e\000\040\000W\000r\000o\000n\000g\000\040\000P\000r\000e\000d\000i\000c\000t\000i\000o\000n\000s}{chapter.8}% 30
\BOOKMARK [1][-]{section.8.3}{\376\377\000T\000h\000e\000\040\000W\000r\000o\000n\000g\000b\000o\000x\000\040\000I\000s\000\040\000M\000o\000r\000e\000\040\000V\000a\000l\000u\000a\000b\000l\000e\000\040\000T\000h\000a\000n\000\040\000t\000h\000e\000\040\000C\000o\000r\000r\000e\000c\000t\000\040\000P\000r\000e\000d\000i\000c\000t\000i\000o\000n}{chapter.8}% 31
\BOOKMARK [0][-]{chapter.9}{\376\377\000W\000h\000y\000\040\000H\000a\000s\000\040\000N\000o\000\040\000O\000n\000e\000\040\000S\000e\000e\000n\000\040\000T\000h\000i\000s\000\040\000B\000e\000f\000o\000r\000e\000?}{}% 32
\BOOKMARK [1][-]{section.9.1}{\376\377\000T\000h\000e\000\040\000S\000i\000g\000n\000a\000l\000\040\000H\000a\000s\000\040\000B\000e\000e\000n\000\040\000S\000e\000e\000n}{chapter.9}% 33
\BOOKMARK [1][-]{section.9.2}{\376\377\000W\000h\000y\000\040\000I\000t\000\040\000W\000a\000s\000\040\000D\000i\000s\000m\000i\000s\000s\000e\000d\000:\000\040\000T\000h\000e\000\040\000F\000r\000e\000q\000u\000e\000n\000c\000y\000\040\000B\000a\000n\000d\000\040\000P\000r\000o\000b\000l\000e\000m}{chapter.9}% 34
\BOOKMARK [0][-]{chapter.10}{\376\377\000T\000h\000e\000\040\000A\000I\000\040\000O\000b\000j\000e\000c\000t\000i\000o\000n\000:\000\040\000I\000s\000\040\000T\000h\000i\000s\000\040\000M\000a\000c\000h\000i\000n\000e\000-\000G\000e\000n\000e\000r\000a\000t\000e\000d\000\040\000N\000o\000n\000s\000e\000n\000s\000e\000?}{}% 35
\BOOKMARK [1][-]{section.10.1}{\376\377\000T\000h\000e\000\040\000A\000u\000r\000o\000r\000a\000\040\000P\000r\000o\000t\000o\000c\000o\000l}{chapter.10}% 36
\BOOKMARK [1][-]{section.10.2}{\376\377\000W\000h\000e\000r\000e\000\040\000t\000h\000e\000\040\000A\000I\000s\000\040\000W\000e\000r\000e\000\040\000W\000r\000o\000n\000g\000\040\000a\000n\000d\000\040\000W\000e\000r\000e\000\040\000C\000a\000u\000g\000h\000t}{chapter.10}% 37
\BOOKMARK [1][-]{section.10.3}{\376\377\000P\000r\000e\000-\000R\000e\000g\000i\000s\000t\000r\000a\000t\000i\000o\000n\000\040\000T\000i\000m\000e\000s\000t\000a\000m\000p\000s\000\040\000P\000r\000e\000d\000a\000t\000e\000\040\000A\000n\000y\000\040\000A\000I\000\040\000A\000n\000a\000l\000y\000s\000i\000s}{chapter.10}% 38
\BOOKMARK [0][-]{chapter.11}{\376\377\000T\000h\000e\000\040\000S\000a\000m\000e\000\040\000O\000b\000j\000e\000c\000t\000,\000\040\000D\000i\000f\000f\000e\000r\000e\000n\000t\000\040\000I\000n\000s\000t\000r\000u\000m\000e\000n\000t\000s\000:\000\040\000T\000h\000e\000\040\000F\000r\000a\000m\000e\000w\000o\000r\000k\000'\000s\000\040\000S\000t\000r\000o\000n\000g\000e\000s\000t\000\040\000P\000r\000o\000o\000f}{}% 39
\BOOKMARK [1][-]{section.11.1}{\376\377\000T\000h\000e\000\040\000F\000o\000u\000r\000-\000P\000a\000n\000e\000l\000\040\000S\000t\000e\000l\000l\000a\000r\000\040\000P\000r\000o\000o\000f}{chapter.11}% 40
\BOOKMARK [1][-]{section.11.2}{\376\377\000T\000h\000e\000\040\000S\000i\000x\000-\000P\000a\000n\000e\000l\000\040\000E\000x\000t\000e\000n\000s\000i\000o\000n}{chapter.11}% 41
\BOOKMARK [0][-]{chapter.12}{\376\377\000W\000h\000a\000t\000\040\000W\000o\000u\000l\000d\000\040\000F\000a\000l\000s\000i\000f\000y\000\040\000T\000h\000i\000s\000:\000\040\000T\000h\000e\000\040\000F\000r\000a\000m\000e\000w\000o\000r\000k\000'\000s\000\040\000F\000a\000l\000s\000i\000f\000i\000a\000b\000i\000l\000i\000t\000y\000\040\000C\000o\000n\000d\000i\000t\000i\000o\000n\000s}{}% 42
\BOOKMARK [1][-]{section.12.1}{\376\377\000A\000l\000r\000e\000a\000d\000y\000\040\000A\000t\000t\000e\000m\000p\000t\000e\000d\000\040\000F\000a\000l\000s\000i\000f\000i\000c\000a\000t\000i\000o\000n\000s}{chapter.12}% 43
\BOOKMARK [1][-]{section.12.2}{\376\377\000S\000p\000e\000c\000i\000f\000i\000c\000\040\000F\000u\000t\000u\000r\000e\000\040\000F\000a\000l\000s\000i\000f\000i\000c\000a\000t\000i\000o\000n\000\040\000C\000o\000n\000d\000i\000t\000i\000o\000n\000s}{chapter.12}% 44
\BOOKMARK [0][-]{chapter.13}{\376\377\000T\000h\000e\000\040\000S\000h\000a\000p\000e\000-\000A\000r\000t\000i\000f\000a\000c\000t\000\040\000O\000b\000j\000e\000c\000t\000i\000o\000n\000:\000\040\000W\000e\000\040\000T\000r\000i\000e\000d\000\040\000t\000o\000\040\000P\000r\000o\000v\000e\000\040\000O\000u\000r\000s\000e\000l\000v\000e\000s\000\040\000W\000r\000o\000n\000g\000\040\000a\000n\000d\000\040\000F\000o\000u\000n\000d\000\040\000a\000\040\000T\000h\000e\000o\000r\000e\000m}{}% 45
\BOOKMARK [1][-]{section.13.1}{\376\377\000T\000h\000e\000\040\000O\000b\000j\000e\000c\000t\000i\000o\000n\000,\000\040\000S\000t\000a\000t\000e\000d\000\040\000a\000t\000\040\000F\000u\000l\000l\000\040\000S\000t\000r\000e\000n\000g\000t\000h}{chapter.13}% 46
\BOOKMARK [1][-]{section.13.2}{\376\377\000W\000h\000a\000t\000\040\000t\000h\000e\000\040\000L\000o\000c\000k\000\040\000T\000e\000s\000t\000\040\000A\000c\000t\000u\000a\000l\000l\000y\000\040\000M\000e\000a\000s\000u\000r\000e\000s}{chapter.13}% 47
\BOOKMARK [1][-]{section.13.3}{\376\377\000T\000h\000e\000\040\000H\000o\000n\000e\000s\000t\000\040\000R\000e\000c\000o\000r\000d\000\040\000o\000f\000\040\000G\000e\000t\000t\000i\000n\000g\000\040\000I\000t\000\040\000W\000r\000o\000n\000g}{chapter.13}% 48
\BOOKMARK [1][-]{section.13.4}{\376\377\000T\000h\000e\000\040\000O\000f\000f\000s\000e\000t\000\040\000S\000w\000e\000e\000p\000:\000\040\000T\000h\000e\000\040\000C\000o\000n\000s\000t\000r\000u\000c\000t\000i\000o\000n\000\040\000T\000h\000a\000t\000\040\000D\000i\000s\000c\000r\000i\000m\000i\000n\000a\000t\000e\000s}{chapter.13}% 49
\BOOKMARK [1][-]{section.13.5}{\376\377\000T\000h\000e\000\040\000G\000r\000i\000d\000-\000P\000h\000a\000s\000e\000\040\000L\000o\000c\000k\000i\000n\000g\000\040\000T\000h\000e\000o\000r\000e\000m}{chapter.13}% 50
\BOOKMARK [2][-]{subsection.13.5.1}{\376\377\000T\000h\000e\000\040\000T\000h\000e\000o\000r\000e\000m\000,\000\040\000S\000t\000a\000t\000e\000d\000\040\000F\000o\000r\000m\000a\000l\000l\000y}{section.13.5}% 51
\BOOKMARK [1][-]{section.13.6}{\376\377\000T\000h\000e\000\040\000T\000h\000e\000o\000r\000e\000m\000\040\000M\000e\000e\000t\000s\000\040\000R\000e\000a\000l\000\040\000D\000a\000t\000a}{chapter.13}% 52
\BOOKMARK [1][-]{section.13.7}{\376\377\000W\000h\000a\000t\000\040\000I\000s\000\040\000C\000l\000o\000s\000e\000d\000,\000\040\000a\000n\000d\000\040\000t\000h\000e\000\040\000O\000b\000j\000e\000c\000t\000i\000o\000n\000\040\000T\000h\000a\000t\000\040\000N\000o\000w\000\040\000L\000e\000a\000d\000s}{chapter.13}% 53
\BOOKMARK [1][-]{section.13.8}{\376\377\000F\000a\000l\000s\000i\000f\000i\000c\000a\000t\000i\000o\000n\000\040\000C\000o\000n\000d\000i\000t\000i\000o\000n\000s\000\040\000C\000a\000r\000r\000i\000e\000d\000\040\000F\000o\000r\000w\000a\000r\000d}{chapter.13}% 54
\BOOKMARK [0][-]{chapter.14}{\376\377\000T\000h\000e\000\040\000C\000o\000m\000p\000l\000e\000t\000e\000\040\000E\000m\000p\000i\000r\000i\000c\000a\000l\000\040\000R\000e\000c\000o\000r\000d\000:\000\040\000N\000o\000\040\000H\000a\000n\000d\000-\000W\000a\000v\000i\000n\000g\000,\000\040\000N\000o\000\040\000F\000i\000n\000g\000e\000r\000\040\000o\000n\000\040\000t\000h\000e\000\040\000S\000c\000a\000l\000e}{}% 55
\BOOKMARK [1][-]{section.14.1}{\376\377\000T\000h\000e\000\040\000T\000r\000a\000n\000s\000p\000a\000r\000e\000n\000c\000y\000\040\000R\000e\000c\000o\000r\000d}{chapter.14}% 56
\BOOKMARK [1][-]{section.14.2}{\376\377\000T\000h\000e\000\040\000S\000t\000a\000t\000i\000s\000t\000i\000c\000a\000l\000\040\000A\000r\000c\000h\000i\000t\000e\000c\000t\000u\000r\000e}{chapter.14}% 57
\BOOKMARK [0][-]{chapter*.3}{\376\377\000E\000p\000i\000l\000o\000g\000u\000e\000:\000\040\000T\000h\000e\000\040\000S\000i\000g\000n\000a\000l\000\040\000W\000a\000s\000\040\000A\000l\000w\000a\000y\000s\000\040\000T\000h\000e\000r\000e}{}% 58
\BOOKMARK [0][-]{chapter*.4}{\376\377\000B\000i\000b\000l\000i\000o\000g\000r\000a\000p\000h\000y}{}% 59
